Testing file: gre.seq
Number of blocks: 320
Number of events:
   RF:       64
   Gx:      192
   Gy:      128
   Gz:      192
   ADC:      64
Sequence duration: 6.400640s
TE: 0.007390s
TR: 0.100010s
Flip angle: 10.00Â°
Unique k-space positions (a.k.a. columns, rows, etc): 64
Unique k-space positions (a.k.a. columns, rows, etc): 64
Unique k-space positions (a.k.a. columns, rows, etc): 1
Dimensions: 3
   Spatial resolution: 3.97 mm
   Spatial resolution: 3.91 mm
   Spatial resolution: 2631551.86 mm
Repetitions/slices/contrasts: 1  range: [1 1]
   4096 k-space position(s) repeated 1 times
Cartesian encoding trajectory detected
Block timing check passed successfully
Max. Gradient: 1190700 Hz/m == 27.97 mT/m
Max. Gradient: 64646 Hz/m == 1.52 mT/m
Max. Gradient: 1190480 Hz/m == 27.96 mT/m
Max. Slew Rate: 6.26684e+09 Hz/m/s == 147.19 T/m/s
Max. Slew Rate: 6.23116e+09 Hz/m/s == 146.35 T/m/s
Max. Slew Rate: 6.26568e+09 Hz/m/s == 147.16 T/m/s
Max. Absolute Gradient: 1684989 Hz/m == 39.58 mT/m
Max. Absolute Slew Rate: 1.08333e+10 Hz/m/s == 254.45 T/m/s
